[
  {
    "sha": "04ccae1ed572f3cdc277c4df2ac73130efbbba3a",
    "message": "Initial commit",
    "author": {
      "name": "Timothee Guerin",
      "email": "timothee.guerin@outlook.com",
      "date": "2019-05-23T23:44:59.000Z"
    },
    "committer": {
      "name": "GitHub",
      "email": "noreply@github.com",
      "date": "2019-05-23T23:44:59.000Z"
    },
    "parents": []
  }
]
